node.exe : $ pnpm run typecheck && pnpm -r --filter 
"./artifacts/ecell-recruitment" --filter "./artifacts/api-server" --if-present 
run build
At C:\Users\ashwa\AppData\Roaming\npm\pnpm.ps1:24 char:5
+     & "node$exe"  "$basedir/node_modules/pnpm/bin/pnpm.mjs" $args
+     ~~~~~~~~~~~~~~~~~~~~~~~~~~~~~~~~~~~~~~~~~~~~~~~~~~~~~~~~~~~~~
    + CategoryInfo          : NotSpecified: ($ pnpm run type...esent run build 
   :String) [], RemoteException
    + FullyQualifiedErrorId : NativeCommandError
 
$ pnpm run typecheck:libs && pnpm -r --filter "./artifacts/ecell-recruitment" 
--filter "./artifacts/api-server" --if-present run typecheck
$ tsc --build
Scope: 2 of 8 workspace projects
artifacts/ecell-recruitment typecheck$ tsc -p tsconfig.json --noEmit
artifacts/api-server typecheck$ tsc -p tsconfig.json --noEmit
artifacts/api-server typecheck: Done
artifacts/ecell-recruitment typecheck: src/components/sections/DomainsSection.tsx(3,26): error TS2305: Module '"lucide-react"' has no exported member 'Instagram'.
artifacts/ecell-recruitment typecheck: src/components/sections/FollowSection.tsx(3,10): error TS2305: Module '"lucide-react"' has no exported member 'Instagram'.
artifacts/ecell-recruitment typecheck: src/components/sections/HeroSection.tsx(31,23): error TS2322: Type '{ hidden: { opacity: number; y: number; }; visible: { opacity: number; y: number; transition: { duration: number; ease: string; }; }; }' is not assignable to type 'Variants'.
artifacts/ecell-recruitment typecheck:   Property 'visible' is incompatible with index signature.
artifacts/ecell-recruitment typecheck:     Type '{ opacity: number; y: number; transition: { duration: number; ease: string; }; }' is not assignable to type 'Variant'.
artifacts/ecell-recruitment typecheck:       Type '{ opacity: number; y: number; transition: { duration: number; ease: string; }; }' is not assignable to type 'TargetAndTransition'.
artifacts/ecell-recruitment typecheck:         Type '{ opacity: number; y: number; transition: { duration: number; ease: string; }; }' is not assignable to type '{ transition?: Transition<any> | undefined; transitionEnd?: ResolvedValues$1 | undefined; }'.
artifacts/ecell-recruitment typecheck:           Types of property 'transition' are incompatible.
artifacts/ecell-recruitment typecheck:             Type '{ duration: number; ease: string; }' is not assignable to type 'Transition<any> | undefined'.
artifacts/ecell-recruitment typecheck:               Type '{ duration: number; ease: string; }' is not assignable to type 'TransitionWithValueOverrides<any>'.
artifacts/ecell-recruitment typecheck:                 Type '{ duration: number; ease: string; }' is not assignable to type 'ValueAnimationTransition<any>'.
artifacts/ecell-recruitment typecheck:                   Types of property 'ease' are incompatible.
artifacts/ecell-recruitment typecheck:                     Type 'string' is not assignable to type 'Easing | Easing[] | undefined'.
artifacts/ecell-recruitment typecheck: src/components/sections/HeroSection.tsx(38,13): error TS2322: Type '{ hidden: { opacity: number; y: number; }; visible: { opacity: number; y: number; transition: { duration: number; ease: string; }; }; }' is not assignable to type 'Variants'.
artifacts/ecell-recruitment typecheck:   Property 'visible' is incompatible with index signature.
artifacts/ecell-recruitment typecheck:     Type '{ opacity: number; y: number; transition: { duration: number; ease: string; }; }' is not assignable to type 'Variant'.
artifacts/ecell-recruitment typecheck:       Type '{ opacity: number; y: number; transition: { duration: number; ease: string; }; }' is not assignable to type 'TargetAndTransition'.
artifacts/ecell-recruitment typecheck:         Type '{ opacity: number; y: number; transition: { duration: number; ease: string; }; }' is not assignable to type '{ transition?: Transition<any> | undefined; transitionEnd?: ResolvedValues$1 | undefined; }'.
artifacts/ecell-recruitment typecheck:           Types of property 'transition' are incompatible.
artifacts/ecell-recruitment typecheck:             Type '{ duration: number; ease: string; }' is not assignable to type 'Transition<any> | undefined'.
artifacts/ecell-recruitment typecheck:               Type '{ duration: number; ease: string; }' is not assignable to type 'TransitionWithValueOverrides<any>'.
artifacts/ecell-recruitment typecheck:                 Type '{ duration: number; ease: string; }' is not assignable to type 'ValueAnimationTransition<any>'.
artifacts/ecell-recruitment typecheck:                   Types of property 'ease' are incompatible.
artifacts/ecell-recruitment typecheck:                     Type 'string' is not assignable to type 'Easing | Easing[] | undefined'.
artifacts/ecell-recruitment typecheck: src/components/sections/HeroSection.tsx(45,13): error TS2322: Type '{ hidden: { opacity: number; y: number; }; visible: { opacity: number; y: number; transition: { duration: number; ease: string; }; }; }' is not assignable to type 'Variants'.
artifacts/ecell-recruitment typecheck:   Property 'visible' is incompatible with index signature.
artifacts/ecell-recruitment typecheck:     Type '{ opacity: number; y: number; transition: { duration: number; ease: string; }; }' is not assignable to type 'Variant'.
artifacts/ecell-recruitment typecheck:       Type '{ opacity: number; y: number; transition: { duration: number; ease: string; }; }' is not assignable to type 'TargetAndTransition'.
artifacts/ecell-recruitment typecheck:         Type '{ opacity: number; y: number; transition: { duration: number; ease: string; }; }' is not assignable to type '{ transition?: Transition<any> | undefined; transitionEnd?: ResolvedValues$1 | undefined; }'.
artifacts/ecell-recruitment typecheck:           Types of property 'transition' are incompatible.
artifacts/ecell-recruitment typecheck:             Type '{ duration: number; ease: string; }' is not assignable to type 'Transition<any> | undefined'.
artifacts/ecell-recruitment typecheck:               Type '{ duration: number; ease: string; }' is not assignable to type 'TransitionWithValueOverrides<any>'.
artifacts/ecell-recruitment typecheck:                 Type '{ duration: number; ease: string; }' is not assignable to type 'ValueAnimationTransition<any>'.
artifacts/ecell-recruitment typecheck:                   Types of property 'ease' are incompatible.
artifacts/ecell-recruitment typecheck:                     Type 'string' is not assignable to type 'Easing | Easing[] | undefined'.
artifacts/ecell-recruitment typecheck: src/components/sections/HeroSection.tsx(53,13): error TS2322: Type '{ hidden: { opacity: number; y: number; }; visible: { opacity: number; y: number; transition: { duration: number; ease: string; }; }; }' is not assignable to type 'Variants'.
artifacts/ecell-recruitment typecheck:   Property 'visible' is incompatible with index signature.
artifacts/ecell-recruitment typecheck:     Type '{ opacity: number; y: number; transition: { duration: number; ease: string; }; }' is not assignable to type 'Variant'.
artifacts/ecell-recruitment typecheck:       Type '{ opacity: number; y: number; transition: { duration: number; ease: string; }; }' is not assignable to type 'TargetAndTransition'.
artifacts/ecell-recruitment typecheck:         Type '{ opacity: number; y: number; transition: { duration: number; ease: string; }; }' is not assignable to type '{ transition?: Transition<any> | undefined; transitionEnd?: ResolvedValues$1 | undefined; }'.
artifacts/ecell-recruitment typecheck:           Types of property 'transition' are incompatible.
artifacts/ecell-recruitment typecheck:             Type '{ duration: number; ease: string; }' is not assignable to type 'Transition<any> | undefined'.
artifacts/ecell-recruitment typecheck:               Type '{ duration: number; ease: string; }' is not assignable to type 'TransitionWithValueOverrides<any>'.
artifacts/ecell-recruitment typecheck:                 Type '{ duration: number; ease: string; }' is not assignable to type 'ValueAnimationTransition<any>'.
artifacts/ecell-recruitment typecheck:                   Types of property 'ease' are incompatible.
artifacts/ecell-recruitment typecheck:                     Type 'string' is not assignable to type 'Easing | Easing[] | undefined'.
artifacts/ecell-recruitment typecheck: src/components/sections/HeroSection.tsx(61,13): error TS2322: Type '{ hidden: { opacity: number; y: number; }; visible: { opacity: number; y: number; transition: { duration: number; ease: string; }; }; }' is not assignable to type 'Variants'.
artifacts/ecell-recruitment typecheck:   Property 'visible' is incompatible with index signature.
artifacts/ecell-recruitment typecheck:     Type '{ opacity: number; y: number; transition: { duration: number; ease: string; }; }' is not assignable to type 'Variant'.
artifacts/ecell-recruitment typecheck:       Type '{ opacity: number; y: number; transition: { duration: number; ease: string; }; }' is not assignable to type 'TargetAndTransition'.
artifacts/ecell-recruitment typecheck:         Type '{ opacity: number; y: number; transition: { duration: number; ease: string; }; }' is not assignable to type '{ transition?: Transition<any> | undefined; transitionEnd?: ResolvedValues$1 | undefined; }'.
artifacts/ecell-recruitment typecheck:           Types of property 'transition' are incompatible.
artifacts/ecell-recruitment typecheck:             Type '{ duration: number; ease: string; }' is not assignable to type 'Transition<any> | undefined'.
artifacts/ecell-recruitment typecheck:               Type '{ duration: number; ease: string; }' is not assignable to type 'TransitionWithValueOverrides<any>'.
artifacts/ecell-recruitment typecheck:                 Type '{ duration: number; ease: string; }' is not assignable to type 'ValueAnimationTransition<any>'.
artifacts/ecell-recruitment typecheck:                   Types of property 'ease' are incompatible.
artifacts/ecell-recruitment typecheck:                     Type 'string' is not assignable to type 'Easing | Easing[] | undefined'.
artifacts/ecell-recruitment typecheck: src/components/sections/InsideSection.tsx(9,13): error TS7030: Not all code paths return a value.
artifacts/ecell-recruitment typecheck: src/components/steps/HeroStep.tsx(65,21): error TS2322: Type '{ hidden: { opacity: number; y: number; }; visible: { opacity: number; y: number; transition: { duration: number; ease: string; }; }; }' is not assignable to type 'Variants'.
artifacts/ecell-recruitment typecheck:   Property 'visible' is incompatible with index signature.
artifacts/ecell-recruitment typecheck:     Type '{ opacity: number; y: number; transition: { duration: number; ease: string; }; }' is not assignable to type 'Variant'.
artifacts/ecell-recruitment typecheck:       Type '{ opacity: number; y: number; transition: { duration: number; ease: string; }; }' is not assignable to type 'TargetAndTransition'.
artifacts/ecell-recruitment typecheck:         Type '{ opacity: number; y: number; transition: { duration: number; ease: string; }; }' is not assignable to type '{ transition?: Transition<any> | undefined; transitionEnd?: ResolvedValues$1 | undefined; }'.
artifacts/ecell-recruitment typecheck:           Types of property 'transition' are incompatible.
artifacts/ecell-recruitment typecheck:             Type '{ duration: number; ease: string; }' is not assignable to type 'Transition<any> | undefined'.
artifacts/ecell-recruitment typecheck:               Type '{ duration: number; ease: string; }' is not assignable to type 'TransitionWithValueOverrides<any>'.
artifacts/ecell-recruitment typecheck:                 Type '{ duration: number; ease: string; }' is not assignable to type 'ValueAnimationTransition<any>'.
artifacts/ecell-recruitment typecheck:                   Types of property 'ease' are incompatible.
artifacts/ecell-recruitment typecheck:                     Type 'string' is not assignable to type 'Easing | Easing[] | undefined'.
artifacts/ecell-recruitment typecheck: src/components/steps/HeroStep.tsx(69,21): error TS2322: Type '{ hidden: { opacity: number; y: number; }; visible: { opacity: number; y: number; transition: { duration: number; ease: string; }; }; }' is not assignable to type 'Variants'.
artifacts/ecell-recruitment typecheck:   Property 'visible' is incompatible with index signature.
artifacts/ecell-recruitment typecheck:     Type '{ opacity: number; y: number; transition: { duration: number; ease: string; }; }' is not assignable to type 'Variant'.
artifacts/ecell-recruitment typecheck:       Type '{ opacity: number; y: number; transition: { duration: number; ease: string; }; }' is not assignable to type 'TargetAndTransition'.
artifacts/ecell-recruitment typecheck:         Type '{ opacity: number; y: number; transition: { duration: number; ease: string; }; }' is not assignable to type '{ transition?: Transition<any> | undefined; transitionEnd?: ResolvedValues$1 | undefined; }'.
artifacts/ecell-recruitment typecheck:           Types of property 'transition' are incompatible.
artifacts/ecell-recruitment typecheck:             Type '{ duration: number; ease: string; }' is not assignable to type 'Transition<any> | undefined'.
artifacts/ecell-recruitment typecheck:               Type '{ duration: number; ease: string; }' is not assignable to type 'TransitionWithValueOverrides<any>'.
artifacts/ecell-recruitment typecheck:                 Type '{ duration: number; ease: string; }' is not assignable to type 'ValueAnimationTransition<any>'.
artifacts/ecell-recruitment typecheck:                   Types of property 'ease' are incompatible.
artifacts/ecell-recruitment typecheck:                     Type 'string' is not assignable to type 'Easing | Easing[] | undefined'.
artifacts/ecell-recruitment typecheck: src/components/steps/HeroStep.tsx(76,11): error TS2322: Type '{ hidden: { opacity: number; y: number; }; visible: { opacity: number; y: number; transition: { duration: number; ease: string; }; }; }' is not assignable to type 'Variants'.
artifacts/ecell-recruitment typecheck:   Property 'visible' is incompatible with index signature.
artifacts/ecell-recruitment typecheck:     Type '{ opacity: number; y: number; transition: { duration: number; ease: string; }; }' is not assignable to type 'Variant'.
artifacts/ecell-recruitment typecheck:       Type '{ opacity: number; y: number; transition: { duration: number; ease: string; }; }' is not assignable to type 'TargetAndTransition'.
artifacts/ecell-recruitment typecheck:         Type '{ opacity: number; y: number; transition: { duration: number; ease: string; }; }' is not assignable to type '{ transition?: Transition<any> | undefined; transitionEnd?: ResolvedValues$1 | undefined; }'.
artifacts/ecell-recruitment typecheck:           Types of property 'transition' are incompatible.
artifacts/ecell-recruitment typecheck:             Type '{ duration: number; ease: string; }' is not assignable to type 'Transition<any> | undefined'.
artifacts/ecell-recruitment typecheck:               Type '{ duration: number; ease: string; }' is not assignable to type 'TransitionWithValueOverrides<any>'.
artifacts/ecell-recruitment typecheck:                 Type '{ duration: number; ease: string; }' is not assignable to type 'ValueAnimationTransition<any>'.
artifacts/ecell-recruitment typecheck:                   Types of property 'ease' are incompatible.
artifacts/ecell-recruitment typecheck:                     Type 'string' is not assignable to type 'Easing | Easing[] | undefined'.
artifacts/ecell-recruitment typecheck: src/components/steps/HeroStep.tsx(85,19): error TS2322: Type '{ hidden: { opacity: number; y: number; }; visible: { opacity: number; y: number; transition: { duration: number; ease: string; }; }; }' is not assignable to type 'Variants'.
artifacts/ecell-recruitment typecheck:   Property 'visible' is incompatible with index signature.
artifacts/ecell-recruitment typecheck:     Type '{ opacity: number; y: number; transition: { duration: number; ease: string; }; }' is not assignable to type 'Variant'.
artifacts/ecell-recruitment typecheck:       Type '{ opacity: number; y: number; transition: { duration: number; ease: string; }; }' is not assignable to type 'TargetAndTransition'.
artifacts/ecell-recruitment typecheck:         Type '{ opacity: number; y: number; transition: { duration: number; ease: string; }; }' is not assignable to type '{ transition?: Transition<any> | undefined; transitionEnd?: ResolvedValues$1 | undefined; }'.
artifacts/ecell-recruitment typecheck:           Types of property 'transition' are incompatible.
artifacts/ecell-recruitment typecheck:             Type '{ duration: number; ease: string; }' is not assignable to type 'Transition<any> | undefined'.
artifacts/ecell-recruitment typecheck:               Type '{ duration: number; ease: string; }' is not assignable to type 'TransitionWithValueOverrides<any>'.
artifacts/ecell-recruitment typecheck:                 Type '{ duration: number; ease: string; }' is not assignable to type 'ValueAnimationTransition<any>'.
artifacts/ecell-recruitment typecheck:                   Types of property 'ease' are incompatible.
artifacts/ecell-recruitment typecheck:                     Type 'string' is not assignable to type 'Easing | Easing[] | undefined'.
artifacts/ecell-recruitment typecheck: src/components/steps/HeroStep.tsx(89,19): error TS2322: Type '{ hidden: { opacity: number; y: number; }; visible: { opacity: number; y: number; transition: { duration: number; ease: string; }; }; }' is not assignable to type 'Variants'.
artifacts/ecell-recruitment typecheck:   Property 'visible' is incompatible with index signature.
artifacts/ecell-recruitment typecheck:     Type '{ opacity: number; y: number; transition: { duration: number; ease: string; }; }' is not assignable to type 'Variant'.
artifacts/ecell-recruitment typecheck:       Type '{ opacity: number; y: number; transition: { duration: number; ease: string; }; }' is not assignable to type 'TargetAndTransition'.
artifacts/ecell-recruitment typecheck:         Type '{ opacity: number; y: number; transition: { duration: number; ease: string; }; }' is not assignable to type '{ transition?: Transition<any> | undefined; transitionEnd?: ResolvedValues$1 | undefined; }'.
artifacts/ecell-recruitment typecheck:           Types of property 'transition' are incompatible.
artifacts/ecell-recruitment typecheck:             Type '{ duration: number; ease: string; }' is not assignable to type 'Transition<any> | undefined'.
artifacts/ecell-recruitment typecheck:               Type '{ duration: number; ease: string; }' is not assignable to type 'TransitionWithValueOverrides<any>'.
artifacts/ecell-recruitment typecheck:                 Type '{ duration: number; ease: string; }' is not assignable to type 'ValueAnimationTransition<any>'.
artifacts/ecell-recruitment typecheck:                   Types of property 'ease' are incompatible.
artifacts/ecell-recruitment typecheck:                     Type 'string' is not assignable to type 'Easing | Easing[] | undefined'.
artifacts/ecell-recruitment typecheck: src/components/steps/HeroStep.tsx(94,11): error TS2322: Type '{ hidden: { opacity: number; y: number; }; visible: { opacity: number; y: number; transition: { duration: number; ease: string; }; }; }' is not assignable to type 'Variants'.
artifacts/ecell-recruitment typecheck:   Property 'visible' is incompatible with index signature.
artifacts/ecell-recruitment typecheck:     Type '{ opacity: number; y: number; transition: { duration: number; ease: string; }; }' is not assignable to type 'Variant'.
artifacts/ecell-recruitment typecheck:       Type '{ opacity: number; y: number; transition: { duration: number; ease: string; }; }' is not assignable to type 'TargetAndTransition'.
artifacts/ecell-recruitment typecheck:         Type '{ opacity: number; y: number; transition: { duration: number; ease: string; }; }' is not assignable to type '{ transition?: Transition<any> | undefined; transitionEnd?: ResolvedValues$1 | undefined; }'.
artifacts/ecell-recruitment typecheck:           Types of property 'transition' are incompatible.
artifacts/ecell-recruitment typecheck:             Type '{ duration: number; ease: string; }' is not assignable to type 'Transition<any> | undefined'.
artifacts/ecell-recruitment typecheck:               Type '{ duration: number; ease: string; }' is not assignable to type 'TransitionWithValueOverrides<any>'.
artifacts/ecell-recruitment typecheck:                 Type '{ duration: number; ease: string; }' is not assignable to type 'ValueAnimationTransition<any>'.
artifacts/ecell-recruitment typecheck:                   Types of property 'ease' are incompatible.
artifacts/ecell-recruitment typecheck:                     Type 'string' is not assignable to type 'Easing | Easing[] | undefined'.
artifacts/ecell-recruitment typecheck: src/components/steps/HeroStep.tsx(107,19): error TS2322: Type '{ hidden: { opacity: number; y: number; }; visible: { opacity: number; y: number; transition: { duration: number; ease: string; }; }; }' is not assignable to type 'Variants'.
artifacts/ecell-recruitment typecheck:   Property 'visible' is incompatible with index signature.
artifacts/ecell-recruitment typecheck:     Type '{ opacity: number; y: number; transition: { duration: number; ease: string; }; }' is not assignable to type 'Variant'.
artifacts/ecell-recruitment typecheck:       Type '{ opacity: number; y: number; transition: { duration: number; ease: string; }; }' is not assignable to type 'TargetAndTransition'.
artifacts/ecell-recruitment typecheck:         Type '{ opacity: number; y: number; transition: { duration: number; ease: string; }; }' is not assignable to type '{ transition?: Transition<any> | undefined; transitionEnd?: ResolvedValues$1 | undefined; }'.
artifacts/ecell-recruitment typecheck:           Types of property 'transition' are incompatible.
artifacts/ecell-recruitment typecheck:             Type '{ duration: number; ease: string; }' is not assignable to type 'Transition<any> | undefined'.
artifacts/ecell-recruitment typecheck:               Type '{ duration: number; ease: string; }' is not assignable to type 'TransitionWithValueOverrides<any>'.
artifacts/ecell-recruitment typecheck:                 Type '{ duration: number; ease: string; }' is not assignable to type 'ValueAnimationTransition<any>'.
artifacts/ecell-recruitment typecheck:                   Types of property 'ease' are incompatible.
artifacts/ecell-recruitment typecheck:                     Type 'string' is not assignable to type 'Easing | Easing[] | undefined'.
artifacts/ecell-recruitment typecheck: Failed
C:\Users\ashwa\OneDrive\Desktop\DARK\Team recruitment web\Career-Connect\Career-Connect\artifacts\ecell-recruitment:
[ERR_PNPM_RECURSIVE_RUN_FIRST_FAIL] @workspace/ecell-recruitment@0.0.0 typecheck: `tsc -p tsconfig.json --noEmit`
Exit status 2
[ELIFECYCLE] Command failed with exit code 2.
[ELIFECYCLE] Command failed with exit code 2.
